// Jest Snapshot v1, https://goo.gl/fbAQLP

exports[`внешний вид CartEmpty 1`] = `
<div
  className="cart-empty"
>
  <h3
    className="page-subtitle"
  >
    В вашей корзине пусто!
  </h3>
  <p>
    Для добавления продуктов в корзину нажмите на кнопку с изображением корзины "
    <i
      className="fas fa-shopping-cart"
    />
    " рядом с выбранным продуктом
  </p>
</div>
`;
