// Jest Snapshot v1, https://goo.gl/fbAQLP

exports[`внешний вид CategoriesLinks 1`] = `
<ul
  className="category-menu main-menu"
>
  <li>
    <a
      aria-current={null}
      className="CategoryLink PageLink"
      href="/catalogue/semena-ovoshchey"
      onClick={[Function]}
      style={undefined}
    >
      Семена овощей
    </a>
  </li>
  <li>
    <a
      aria-current={null}
      className="CategoryLink PageLink"
      href="/catalogue/semena-cvetov"
      onClick={[Function]}
      style={undefined}
    >
      Семена цветов
    </a>
  </li>
  <li>
    <a
      aria-current={null}
      className="CategoryLink PageLink"
      href="/catalogue/sazhency-roz"
      onClick={[Function]}
      style={undefined}
    >
      Саженцы роз
    </a>
  </li>
  <li>
    <a
      aria-current={null}
      className="CategoryLink PageLink"
      href="/catalogue/lukovicy-i-klubnelukovicy-cvetov"
      onClick={[Function]}
      style={undefined}
    >
      Луковицы и клубнелуковицы цветов
    </a>
  </li>
  <li>
    <a
      aria-current={null}
      className="CategoryLink PageLink"
      href="/catalogue/plodovye-derevya-i-kustarniki"
      onClick={[Function]}
      style={undefined}
    >
      Плодовые деревья и кустарники
    </a>
  </li>
  <li>
    <a
      aria-current={null}
      className="CategoryLink PageLink"
      href="/catalogue/hvoynye-rasteniya"
      onClick={[Function]}
      style={undefined}
    >
      Хвойные растения
    </a>
  </li>
  <li>
    <a
      aria-current={null}
      className="CategoryLink PageLink"
      href="/catalogue/dekorativnye-kustarniki"
      onClick={[Function]}
      style={undefined}
    >
      Декоративные кустарники
    </a>
  </li>
  <li>
    <a
      aria-current={null}
      className="CategoryLink PageLink"
      href="/catalogue/rododendrony"
      onClick={[Function]}
      style={undefined}
    >
      Рододендроны
    </a>
  </li>
</ul>
`;
