// Jest Snapshot v1, https://goo.gl/fbAQLP

exports[`внешний вид и работа ProdInfoPage 1`] = `
<div>
  <div
    className="breadcrumbs-container"
  >
    <a
      aria-current={null}
      className="breadcrumbs"
      href="/"
      onClick={[Function]}
      style={undefined}
    >
      Главная 
    </a>
    <span
      className="breadcrumbs-arr"
    >
       → 
    </span>
    <a
      aria-current={null}
      className="breadcrumbs"
      href="/catalogue"
      onClick={[Function]}
      style={undefined}
    >
      Каталог
    </a>
    <span
      className="breadcrumbs-arr"
    >
       → 
    </span>
    <a
      aria-current={null}
      className="breadcrumbs"
      href="/catalogue/semena-ovoshchey"
      onClick={[Function]}
      style={undefined}
    >
      Семена овощей
    </a>
    <span
      className="breadcrumbs-arr"
    >
       → 
    </span>
    <a
      aria-current={null}
      className="breadcrumbs"
      href="/catalogue/semena-ovoshchey/1"
      onClick={[Function]}
      style={undefined}
    >
      Томат Гранатовая капля
    </a>
  </div>
  <hr />
  <h2
    className="productPage-title"
  >
    Томат Гранатовая капля
  </h2>
  <div
    className="productPage-container"
  >
    <div
      className="productPage-img-container"
    >
      <img
        className="productPage-img"
        src="./img/ed940bf6db9540b843b64bacabbae4ae.jpg"
      />
    </div>
    <div
      className="productPage-info"
    >
      <p>
        Семена овощей
      </p>
      <p>
        Гавриш
      </p>
      <p>
        Сладкий фруктовый вкус. Среднеспелый сорт для пленочных теплиц и открытого грунта.
      </p>
      <p
        className="productPage-price"
      >
        1.32 руб.
      </p>
      <div
        className="addCart-block"
      >
        <input
          className="addQty_button"
          defaultValue={1}
          min="0"
          step="1"
          title="Кол-во"
          type="number"
        />
        <button
          className="addCart_button"
          onClick={[Function]}
        >
          <i
            className="fas fa-shopping-cart"
          />
        </button>
      </div>
    </div>
  </div>
</div>
`;
